run=dense_cont mode=dense_continue device=cuda (NVIDIA GeForce GTX 1660 Ti) dtype=fp32
args: {"mode": "dense_continue", "run": "dense_cont", "init": "checkpoints/dense.pt", "steps": 2000, "lr": 0.001, "min_lr_frac": 0.1, "warmup": 100, "decay_frac": 0.3, "batch": 32, "accum": 2, "weight_decay": 0.1, "grad_clip": 1.0, "dtype": "fp32", "eval_interval": 100, "eval_batches": 40, "log_interval": 20, "seed": 0, "data_seed": 1, "n_layer": 6, "d_model": 256, "n_head": 4, "n_kv_head": 2, "ffn_hidden": 1024, "block_size": 256, "upcycle": "partition", "importance": 1, "drop_ratio": 0.0, "n_experts": 16, "top_k": 2, "expert_hidden": 256, "shared_hidden": 512, "route_scale": null, "score_func": "sigmoid", "bias_speed": 0.001, "seq_aux": 0.0001, "sample_window": 300, "sample_noise": 0.05, "transfer_opt": 1}
model config: {"vocab_size": 8192, "block_size": 256, "n_layer": 6, "n_head": 4, "n_kv_head": 2, "d_model": 256, "ffn_hidden": 1024, "rope_theta": 10000.0, "moe": false, "n_experts": 16, "top_k": 2, "expert_hidden": 256, "shared_hidden": 512, "score_func": "sigmoid", "route_scale": 2.0, "bias_update_speed": 0.001, "seq_aux_alpha": 0.0001, "router_init_std": 0.002}
params: total 8.00M  active/token 8.00M  (non-embedding total 5.90M)
tokens/step 16,384  starting at global step 2000, 32.8M tokens seen
step     0 | val loss 1.9920
step    20 (global  2020,   33.1M tok) | loss 1.9869 | lr 2.00e-04 | gnorm 0.43 | 15.8k tok/s
step    40 (global  2040,   33.4M tok) | loss 1.9142 | lr 4.00e-04 | gnorm 0.43 | 17.3k tok/s
step    60 (global  2060,   33.8M tok) | loss 1.9358 | lr 6.00e-04 | gnorm 0.43 | 18.3k tok/s
step    80 (global  2080,   34.1M tok) | loss 1.9386 | lr 8.00e-04 | gnorm 0.46 | 17.9k tok/s
step   100 (global  2100,   34.4M tok) | loss 1.9533 | lr 1.00e-03 | gnorm 0.46 | 14.5k tok/s
step   100 (global  2100,   34.4M tok) | val loss 1.9636
step   120 (global  2120,   34.7M tok) | loss 1.9761 | lr 1.00e-03 | gnorm 0.47 | 13.5k tok/s
step   140 (global  2140,   35.1M tok) | loss 1.9686 | lr 1.00e-03 | gnorm 0.48 | 16.3k tok/s
step   160 (global  2160,   35.4M tok) | loss 1.9647 | lr 1.00e-03 | gnorm 0.46 | 18.1k tok/s
step   180 (global  2180,   35.7M tok) | loss 1.9878 | lr 1.00e-03 | gnorm 0.47 | 17.2k tok/s
step   200 (global  2200,   36.0M tok) | loss 1.9537 | lr 1.00e-03 | gnorm 0.45 | 19.0k tok/s
step   200 (global  2200,   36.0M tok) | val loss 1.9739
step   220 (global  2220,   36.4M tok) | loss 1.9802 | lr 1.00e-03 | gnorm 0.46 | 12.6k tok/s
step   240 (global  2240,   36.7M tok) | loss 1.9696 | lr 1.00e-03 | gnorm 0.45 | 17.3k tok/s
step   260 (global  2260,   37.0M tok) | loss 1.9367 | lr 1.00e-03 | gnorm 0.46 | 17.0k tok/s
step   280 (global  2280,   37.4M tok) | loss 1.9555 | lr 1.00e-03 | gnorm 0.45 | 17.2k tok/s
step   300 (global  2300,   37.7M tok) | loss 1.9497 | lr 1.00e-03 | gnorm 0.45 | 17.4k tok/s
step   300 (global  2300,   37.7M tok) | val loss 1.9657
step   320 (global  2320,   38.0M tok) | loss 1.9499 | lr 1.00e-03 | gnorm 0.46 | 12.6k tok/s
step   340 (global  2340,   38.3M tok) | loss 1.9555 | lr 1.00e-03 | gnorm 0.46 | 17.8k tok/s
step   360 (global  2360,   38.7M tok) | loss 1.9492 | lr 1.00e-03 | gnorm 0.44 | 18.9k tok/s
step   380 (global  2380,   39.0M tok) | loss 1.9568 | lr 1.00e-03 | gnorm 0.46 | 19.5k tok/s
step   400 (global  2400,   39.3M tok) | loss 1.9485 | lr 1.00e-03 | gnorm 0.48 | 17.4k tok/s
step   400 (global  2400,   39.3M tok) | val loss 1.9572
step   420 (global  2420,   39.6M tok) | loss 1.9607 | lr 1.00e-03 | gnorm 0.46 | 12.6k tok/s
step   440 (global  2440,   40.0M tok) | loss 1.9684 | lr 1.00e-03 | gnorm 0.46 | 17.5k tok/s
step   460 (global  2460,   40.3M tok) | loss 1.9460 | lr 1.00e-03 | gnorm 0.48 | 19.5k tok/s
step   480 (global  2480,   40.6M tok) | loss 1.9533 | lr 1.00e-03 | gnorm 0.43 | 17.4k tok/s
step   500 (global  2500,   41.0M tok) | loss 1.9400 | lr 1.00e-03 | gnorm 0.47 | 17.2k tok/s
step   500 (global  2500,   41.0M tok) | val loss 1.9479
step   520 (global  2520,   41.3M tok) | loss 1.9233 | lr 1.00e-03 | gnorm 0.47 | 12.6k tok/s
step   540 (global  2540,   41.6M tok) | loss 1.9433 | lr 1.00e-03 | gnorm 0.44 | 19.4k tok/s
step   560 (global  2560,   41.9M tok) | loss 1.9261 | lr 1.00e-03 | gnorm 0.46 | 17.5k tok/s
step   580 (global  2580,   42.3M tok) | loss 1.9146 | lr 1.00e-03 | gnorm 0.43 | 19.1k tok/s
step   600 (global  2600,   42.6M tok) | loss 1.9332 | lr 1.00e-03 | gnorm 0.44 | 19.4k tok/s
step   600 (global  2600,   42.6M tok) | val loss 1.9396
step   620 (global  2620,   42.9M tok) | loss 1.9256 | lr 1.00e-03 | gnorm 0.45 | 11.6k tok/s
step   640 (global  2640,   43.3M tok) | loss 1.9355 | lr 1.00e-03 | gnorm 0.43 | 17.3k tok/s
step   660 (global  2660,   43.6M tok) | loss 1.9231 | lr 1.00e-03 | gnorm 0.45 | 17.1k tok/s
step   680 (global  2680,   43.9M tok) | loss 1.9269 | lr 1.00e-03 | gnorm 0.46 | 17.5k tok/s
step   700 (global  2700,   44.2M tok) | loss 1.9222 | lr 1.00e-03 | gnorm 0.44 | 17.3k tok/s
step   700 (global  2700,   44.2M tok) | val loss 1.9389
step   720 (global  2720,   44.6M tok) | loss 1.9103 | lr 1.00e-03 | gnorm 0.45 | 12.8k tok/s
step   740 (global  2740,   44.9M tok) | loss 1.9315 | lr 1.00e-03 | gnorm 0.45 | 19.3k tok/s
step   760 (global  2760,   45.2M tok) | loss 1.9213 | lr 1.00e-03 | gnorm 0.43 | 17.6k tok/s
step   780 (global  2780,   45.5M tok) | loss 1.9151 | lr 1.00e-03 | gnorm 0.44 | 17.4k tok/s
step   800 (global  2800,   45.9M tok) | loss 1.8977 | lr 1.00e-03 | gnorm 0.44 | 17.3k tok/s
step   800 (global  2800,   45.9M tok) | val loss 1.9291
step   820 (global  2820,   46.2M tok) | loss 1.9067 | lr 1.00e-03 | gnorm 0.42 | 11.7k tok/s
step   840 (global  2840,   46.5M tok) | loss 1.8931 | lr 1.00e-03 | gnorm 0.46 | 17.5k tok/s
step   860 (global  2860,   46.9M tok) | loss 1.9262 | lr 1.00e-03 | gnorm 0.43 | 18.8k tok/s
step   880 (global  2880,   47.2M tok) | loss 1.8982 | lr 1.00e-03 | gnorm 0.45 | 15.9k tok/s
step   900 (global  2900,   47.5M tok) | loss 1.8993 | lr 1.00e-03 | gnorm 0.44 | 17.6k tok/s
step   900 (global  2900,   47.5M tok) | val loss 1.9222
step   920 (global  2920,   47.8M tok) | loss 1.8844 | lr 1.00e-03 | gnorm 0.44 | 13.6k tok/s
step   940 (global  2940,   48.2M tok) | loss 1.8973 | lr 1.00e-03 | gnorm 0.46 | 15.9k tok/s
step   960 (global  2960,   48.5M tok) | loss 1.8949 | lr 1.00e-03 | gnorm 0.45 | 19.3k tok/s
step   980 (global  2980,   48.8M tok) | loss 1.9001 | lr 1.00e-03 | gnorm 0.45 | 17.2k tok/s
step  1000 (global  3000,   49.2M tok) | loss 1.9178 | lr 1.00e-03 | gnorm 0.43 | 17.1k tok/s
step  1000 (global  3000,   49.2M tok) | val loss 1.9199
step  1020 (global  3020,   49.5M tok) | loss 1.8928 | lr 1.00e-03 | gnorm 0.44 | 13.5k tok/s
step  1040 (global  3040,   49.8M tok) | loss 1.8863 | lr 1.00e-03 | gnorm 0.42 | 17.1k tok/s
step  1060 (global  3060,   50.1M tok) | loss 1.8842 | lr 1.00e-03 | gnorm 0.43 | 18.8k tok/s
step  1080 (global  3080,   50.5M tok) | loss 1.8877 | lr 1.00e-03 | gnorm 0.42 | 17.5k tok/s
step  1100 (global  3100,   50.8M tok) | loss 1.8800 | lr 1.00e-03 | gnorm 0.42 | 17.5k tok/s
step  1100 (global  3100,   50.8M tok) | val loss 1.9095
step  1120 (global  3120,   51.1M tok) | loss 1.8869 | lr 1.00e-03 | gnorm 0.45 | 12.7k tok/s
step  1140 (global  3140,   51.4M tok) | loss 1.8925 | lr 1.00e-03 | gnorm 0.42 | 19.3k tok/s
step  1160 (global  3160,   51.8M tok) | loss 1.8861 | lr 1.00e-03 | gnorm 0.46 | 17.5k tok/s
step  1180 (global  3180,   52.1M tok) | loss 1.9043 | lr 1.00e-03 | gnorm 0.42 | 17.3k tok/s
step  1200 (global  3200,   52.4M tok) | loss 1.8801 | lr 1.00e-03 | gnorm 0.46 | 17.2k tok/s
step  1200 (global  3200,   52.4M tok) | val loss 1.9037
step  1220 (global  3220,   52.8M tok) | loss 1.8656 | lr 1.00e-03 | gnorm 0.43 | 12.6k tok/s
step  1240 (global  3240,   53.1M tok) | loss 1.8826 | lr 1.00e-03 | gnorm 0.42 | 19.3k tok/s
step  1260 (global  3260,   53.4M tok) | loss 1.8881 | lr 1.00e-03 | gnorm 0.42 | 17.4k tok/s
step  1280 (global  3280,   53.7M tok) | loss 1.8761 | lr 1.00e-03 | gnorm 0.44 | 19.3k tok/s
step  1300 (global  3300,   54.1M tok) | loss 1.8653 | lr 1.00e-03 | gnorm 0.42 | 17.3k tok/s
step  1300 (global  3300,   54.1M tok) | val loss 1.9013
step  1320 (global  3320,   54.4M tok) | loss 1.8807 | lr 1.00e-03 | gnorm 0.43 | 12.6k tok/s
step  1340 (global  3340,   54.7M tok) | loss 1.8588 | lr 1.00e-03 | gnorm 0.44 | 17.4k tok/s
step  1360 (global  3360,   55.1M tok) | loss 1.8781 | lr 1.00e-03 | gnorm 0.43 | 19.3k tok/s
step  1380 (global  3380,   55.4M tok) | loss 1.8764 | lr 1.00e-03 | gnorm 0.43 | 15.8k tok/s
step  1400 (global  3400,   55.7M tok) | loss 1.8832 | lr 1.00e-03 | gnorm 0.43 | 18.3k tok/s
step  1400 (global  3400,   55.7M tok) | val loss 1.9005
step  1420 (global  3420,   56.0M tok) | loss 1.8753 | lr 9.72e-04 | gnorm 0.44 | 12.3k tok/s
step  1440 (global  3440,   56.4M tok) | loss 1.8609 | lr 9.42e-04 | gnorm 0.42 | 19.0k tok/s
step  1460 (global  3460,   56.7M tok) | loss 1.8566 | lr 9.11e-04 | gnorm 0.42 | 17.2k tok/s
step  1480 (global  3480,   57.0M tok) | loss 1.8491 | lr 8.82e-04 | gnorm 0.43 | 17.3k tok/s
step  1500 (global  3500,   57.3M tok) | loss 1.8632 | lr 8.51e-04 | gnorm 0.43 | 17.5k tok/s
step  1500 (global  3500,   57.3M tok) | val loss 1.8795
step  1520 (global  3520,   57.7M tok) | loss 1.8421 | lr 8.22e-04 | gnorm 0.44 | 12.8k tok/s
step  1540 (global  3540,   58.0M tok) | loss 1.8350 | lr 7.91e-04 | gnorm 0.43 | 17.1k tok/s
step  1560 (global  3560,   58.3M tok) | loss 1.8340 | lr 7.62e-04 | gnorm 0.41 | 17.3k tok/s
step  1580 (global  3580,   58.7M tok) | loss 1.8274 | lr 7.32e-04 | gnorm 0.40 | 16.5k tok/s
step  1600 (global  3600,   59.0M tok) | loss 1.8290 | lr 7.01e-04 | gnorm 0.41 | 16.5k tok/s
step  1600 (global  3600,   59.0M tok) | val loss 1.8560
step  1620 (global  3620,   59.3M tok) | loss 1.8015 | lr 6.72e-04 | gnorm 0.41 | 13.4k tok/s
step  1640 (global  3640,   59.6M tok) | loss 1.8029 | lr 6.41e-04 | gnorm 0.44 | 17.2k tok/s
step  1660 (global  3660,   60.0M tok) | loss 1.7937 | lr 6.11e-04 | gnorm 0.41 | 17.3k tok/s
step  1680 (global  3680,   60.3M tok) | loss 1.8031 | lr 5.81e-04 | gnorm 0.41 | 17.4k tok/s
step  1700 (global  3700,   60.6M tok) | loss 1.7948 | lr 5.52e-04 | gnorm 0.41 | 17.2k tok/s
step  1700 (global  3700,   60.6M tok) | val loss 1.8336
step  1720 (global  3720,   60.9M tok) | loss 1.7904 | lr 5.22e-04 | gnorm 0.43 | 12.5k tok/s
step  1740 (global  3740,   61.3M tok) | loss 1.7793 | lr 4.92e-04 | gnorm 0.40 | 17.5k tok/s
step  1760 (global  3760,   61.6M tok) | loss 1.7919 | lr 4.61e-04 | gnorm 0.41 | 19.4k tok/s
step  1780 (global  3780,   61.9M tok) | loss 1.7874 | lr 4.32e-04 | gnorm 0.40 | 17.5k tok/s
step  1800 (global  3800,   62.3M tok) | loss 1.7595 | lr 4.02e-04 | gnorm 0.39 | 19.4k tok/s
step  1800 (global  3800,   62.3M tok) | val loss 1.8120
step  1820 (global  3820,   62.6M tok) | loss 1.7712 | lr 3.71e-04 | gnorm 0.40 | 12.7k tok/s
step  1840 (global  3840,   62.9M tok) | loss 1.7697 | lr 3.41e-04 | gnorm 0.40 | 17.7k tok/s
step  1860 (global  3860,   63.2M tok) | loss 1.7576 | lr 3.11e-04 | gnorm 0.40 | 17.6k tok/s
step  1880 (global  3880,   63.6M tok) | loss 1.7598 | lr 2.81e-04 | gnorm 0.40 | 19.5k tok/s
step  1900 (global  3900,   63.9M tok) | loss 1.7556 | lr 2.51e-04 | gnorm 0.41 | 17.4k tok/s
step  1900 (global  3900,   63.9M tok) | val loss 1.7890
step  1920 (global  3920,   64.2M tok) | loss 1.7362 | lr 2.22e-04 | gnorm 0.40 | 13.6k tok/s
step  1940 (global  3940,   64.6M tok) | loss 1.7418 | lr 1.92e-04 | gnorm 0.40 | 19.4k tok/s
step  1960 (global  3960,   64.9M tok) | loss 1.7262 | lr 1.61e-04 | gnorm 0.40 | 19.4k tok/s
step  1980 (global  3980,   65.2M tok) | loss 1.7320 | lr 1.32e-04 | gnorm 0.39 | 17.5k tok/s
step  2000 (global  4000,   65.5M tok) | loss 1.7580 | lr 1.02e-04 | gnorm 0.40 | 19.6k tok/s
step  2000 (global  4000,   65.5M tok) | val loss 1.7699
final val loss 1.7699  (training time 33.4 min)
sample [Once upon a time]: "Once upon a time, there was a little girl who loved to eat yummy treats. One day, she went to the freezer to get some yummy treats. She opened the door and found a big, red ice cream cone.\n\nThe girl was so excited and couldn't wait to try it. She went to the freezer and picked out some yummy snacks."
sample [The little dog]: "The little dog was scared, so his owner told him to stay calm and not to touch the wheat again. But the deaf dog was too strong and he didn't feel safe.\n\nThe family stayed still and the wheat was still there, too. They were so sad that they all had to leave the wheat.\n\nBut the deaf dog still kept hi"
sample [Lily wanted to]: 'Lily wanted to play with the big, red ball, but it was too heavy for her to fit. She started to cry. She said, "Mommy, can you please help me with the big blue ball, please?" Her mommy looked at her and said, "Of course, Lily. I will get you a little bit." And they all went to the big blue ball and '
